// Jest Snapshot v1, https://goo.gl/fbAQLP

exports[`Backup handler creates a backup 1`] = `
Object {
  "fields": "files(id, name)",
  "pageSize": 10,
  "q": "mimeType = 'application/vnd.google-apps.folder'",
}
`;

exports[`Backup handler creates a backup: creates file 1`] = `
Object {
  "fields": "size,webViewLink",
  "media": Object {
    "body": "{
  \\"year\\": 1996,
  \\"week\\": \\"16\\",
  \\"created\\": \\"Sun Apr 21 1996 00:00:00 GMT+0200\\",
  \\"created_unix\\": 830037600,
  \\"count\\": 1,
  \\"items\\": [
    {
      \\"music\\": true,
      \\"tests\\": \\"working!\\"
    }
  ]
}",
    "mimeType": "application/json",
  },
  "requestBody": Object {
    "name": "spotify_bp_1996-04-w16.json",
    "parents": Array [
      "",
    ],
  },
}
`;

exports[`Backup handler creates a backup: creates folder 1`] = `
Object {
  "fields": "id",
  "requestBody": Object {
    "mimeType": "application/vnd.google-apps.folder",
    "name": "SpotifyHistory_test",
  },
}
`;
