// Jest Snapshot v1, https://goo.gl/fbAQLP

exports[`Backup handler creates a backup 1`] = `
Object {
  "fields": "files(id, name)",
  "pageSize": 10,
  "q": "mimeType = 'application/vnd.google-apps.folder'",
}
`;

exports[`Backup handler creates a backup: creates file 1`] = `
Object {
  "fields": "size,webViewLink",
  "media": Object {
    "body": "{
  \\"meta\\": {
    \\"date_created\\": \\"Sun Apr 21 1996 00:00:00 GMT+0200\\",
    \\"for_week\\": 16,
    \\"track_count\\": 3,
    \\"environment\\": \\"test\\"
  },
  \\"items\\": [
    {
      \\"name\\": \\"On A Mountain - Flume Remix\\",
      \\"id\\": \\"0lrIwNdTiHaOlw8gqwXk6L\\",
      \\"playedAt\\": \\"2021-09-12T17:38:38.741Z\\",
      \\"artists\\": [
        {
          \\"name\\": \\"Danny L Harle\\",
          \\"id\\": \\"1PNvaesh1mkKZucGhBuqgD\\"
        },
        {
          \\"name\\": \\"DJ Danny\\",
          \\"id\\": \\"3ReRflPpQwIKOE9gsZ6vTC\\"
        },
        {
          \\"name\\": \\"Flume\\",
          \\"id\\": \\"6nxWCVXbOlEVRexSbLsTer\\"
        }
      ]
    },
    {
      \\"name\\": \\"Graf Zahl\\",
      \\"id\\": \\"33R7eq2Yqrhjz7eP6XhCsy\\",
      \\"playedAt\\": \\"2021-09-12T17:21:00.477Z\\",
      \\"artists\\": [
        {
          \\"name\\": \\"Paul Kalkbrenner\\",
          \\"id\\": \\"0rasA5Z5h1ITtHelCpfu9R\\"
        }
      ]
    },
    {
      \\"name\\": \\"Sane\\",
      \\"id\\": \\"43DeMuEuwfEZ6FRLbpHMVb\\",
      \\"playedAt\\": \\"2021-09-11T21:06:52.925Z\\",
      \\"artists\\": [
        {
          \\"name\\": \\"Fade Black\\",
          \\"id\\": \\"6lczpQaXIogAbhZfhVOiEe\\"
        },
        {
          \\"name\\": \\"Leo Law\\",
          \\"id\\": \\"3xrSIs2cnY8G36UApbC1rv\\"
        }
      ]
    }
  ]
}",
    "mimeType": "application/json",
  },
  "requestBody": Object {
    "name": "spotify_history_1996-04-w16.json",
    "parents": Array [
      "",
    ],
  },
}
`;

exports[`Backup handler creates a backup: creates folder 1`] = `
Object {
  "fields": "id",
  "requestBody": Object {
    "mimeType": "application/vnd.google-apps.folder",
    "name": "SpotifyHistory_LOCAL",
  },
}
`;
