// Jest Snapshot v1, https://goo.gl/fbAQLP

exports[`Handler runs without errors 1`] = `
Array [
  Array [
    History {
      "count": 3,
      "songs": Array [
        Object {
          "artists": Array [
            Object {
              "artistId": "0rasA5Z5h1ITtHelCpfu9R",
              "artistName": "Paul Kalkbrenner",
              "genres": "electronica;german techno;leipzig electronic;minimal techno;tech house",
            },
          ],
          "id": "33R7eq2Yqrhjz7eP6XhCsy",
          "name": "Graf Zahl",
        },
        Object {
          "artists": Array [
            Object {
              "artistId": "5K4W6rqBFWDnAN6FQUkS6x",
              "artistName": "Kanye West",
              "genres": "chicago rap;rap",
            },
          ],
          "id": "0RbW8kWozrVSIGb4V13o0o",
          "name": "Hurricane",
        },
        Object {
          "artists": Array [
            Object {
              "artistId": "238y1dKPtMeFEpX3Y6H1Vr",
              "artistName": "Parra for Cuva",
              "genres": "downtempo;new french touch;tropical house",
            },
          ],
          "id": "0deYrVa6CGfy46WE4FoyOf",
          "name": "Cuiva",
        },
      ],
      "timestamp": "1630905719124",
    },
  ],
]
`;
