// Jest Snapshot v1, https://goo.gl/fbAQLP

exports[`Handler Should run without errors 1`] = `
Array [
  Array [
    History {
      "count": 3,
      "songs": Array [
        Object {
          "artists": Array [
            Object {
              "artistId": "5RPzPJCg4ER1LzQkorZ31p",
              "artistName": "Worakls",
              "genres": "deep minimal techno;high-tech minimal;minimal techno;new french touch;tropical house",
            },
            Object {
              "artistId": "5tDjiBYUsTqzd0RkTZxK7u",
              "artistName": "Ben Böhmer",
              "genres": "progressive house",
            },
            Object {
              "artistId": "2dB4ya2W1Gvng8gjWSPu2H",
              "artistName": "Eivør",
              "genres": "faroese indie;faroese pop;medieval folk;melancholia;rune folk;viking folk",
            },
          ],
          "id": "6XipzjrsT6p1zVKzrNHpNx",
          "name": "Red Dressed - Ben Böhmer Remix",
        },
        Object {
          "artists": Array [
            Object {
              "artistId": "0Ye4nfYAA91T1X56gnlXAA",
              "artistName": "Mako",
              "genres": "edm;electro house;electropop;indie poptimism;pop dance;pop edm;progressive electro house;tropical house",
            },
            Object {
              "artistId": "5wMlMjOLeJfS5DfxqGfm83",
              "artistName": "Jan Blomqvist",
              "genres": "deep euro house;minimal techno;organic house;tropical house",
            },
          ],
          "id": "4hZys9awWLo6Fc3N8dL8K7",
          "name": "Roller Coaster - Jan Blomqvist Remix",
        },
        Object {
          "artists": Array [
            Object {
              "artistId": "6TQj5BFPooTa08A7pk8AQ1",
              "artistName": "Kaskade",
              "genres": "edm;electro house;house;pop dance;progressive house;tropical house;vocal house",
            },
            Object {
              "artistId": "5cqU2KGOvMlVg3K6J1SkNs",
              "artistName": "Zip Zip Through The Night",
              "genres": "",
            },
            Object {
              "artistId": "2tFH063pax32e5uI879Xq8",
              "artistName": "Pinguin Mofex",
              "genres": "utah indie",
            },
          ],
          "id": "00BE2ycaBS1XJJy8T0ojdm",
          "name": "I Feel You - Sun Soaked Mix",
        },
      ],
      "timestamp": undefined,
    },
  ],
]
`;
