// Jest Snapshot v1, https://goo.gl/fbAQLP

exports[`Handler runs without errors 1`] = `
Array [
  Array [
    History {
      "count": 3,
      "songs": Array [
        Object {
          "artists": Array [
            Object {
              "artistId": "3rVvL036o05Y34SPRsW63P",
              "artistName": "Elfenberg",
              "genres": "ethnotronica;organic electronic;organic house",
            },
          ],
          "id": "2HuWC2OLujMmdm1Mut8rjM",
          "name": "Loma",
          "playedAt": "2021-09-08T07:23:11.995Z",
        },
        Object {
          "artists": Array [
            Object {
              "artistId": "0rasA5Z5h1ITtHelCpfu9R",
              "artistName": "Paul Kalkbrenner",
              "genres": "electronica;german techno;leipzig electronic;minimal techno;tech house",
            },
          ],
          "id": "33R7eq2Yqrhjz7eP6XhCsy",
          "name": "Graf Zahl",
          "playedAt": "2021-09-07T19:12:49.127Z",
        },
        Object {
          "artists": Array [
            Object {
              "artistId": "54KTsBl98buzGkELjGlnuU",
              "artistName": "Active Child",
              "genres": "chillwave;metropopolis;vapor soul",
            },
            Object {
              "artistId": "1ehDqG6bFGAurxlAJeQgNT",
              "artistName": "Matthew Dekay",
              "genres": "deep progressive trance;organic electronic;organic house",
            },
          ],
          "id": "3SIIAdWl4RmLNYpppSUy7b",
          "name": "Johnny Belinda - Matthew Dekay Remix",
          "playedAt": "2021-09-08T07:27:05.283Z",
        },
      ],
      "timestamp": 2021-09-08T07:23:11.995Z,
    },
  ],
]
`;
