// Jest Snapshot v1, https://goo.gl/fbAQLP

exports[`Handler runs without errors 1`] = `
Array [
  Array [
    History {
      "songs": Array [
        Object {
          "id": "2HuWC2OLujMmdm1Mut8rjM",
          "name": "Loma",
          "playedAt": "2021-09-08T07:23:11.995Z",
        },
        Object {
          "id": "33R7eq2Yqrhjz7eP6XhCsy",
          "name": "Graf Zahl",
          "playedAt": "2021-09-07T19:12:49.127Z",
        },
        Object {
          "id": "3SIIAdWl4RmLNYpppSUy7b",
          "name": "Johnny Belinda - Matthew Dekay Remix",
          "playedAt": "2021-09-08T07:27:05.283Z",
        },
      ],
      "timestamp": 2021-09-08T07:23:11.995Z,
    },
  ],
]
`;
